// Jest Snapshot v1, https://goo.gl/fbAQLP

exports[`VEmbed renders properly 1`] = `<div></div>`;
